found card
